# Replace this file with all the qpoints for epsilon.inp
