12 12 1
0.5 0.5 0.0
0.0 0.0 0.0

1.0 0.0 0.0
0.0 1.0 0.0
0.0 0.0 1.0
3
1 1.5845 0.9148 3.0810
2 0.0000 1.8296 1.5158
2 0.0000 1.8296 4.6461
20 20 20
.false.
