number_val_bands_coarse 14
number_cond_bands_coarse 14
number_val_bands_fine 2
number_cond_bands_fine 2
use_symmetries_coarse_grid
no_symmetries_fine_grid
no_symmetries_shifted_grid
