&input_pw2bgw
prefix = 'MoS2'
wfng_flag = .true.
wfng_file = 'WFN'
wfng_kgrid = .true.
wfng_nk1 = 12
wfng_nk2 = 12
wfng_nk3 = 1
wfng_dk1 = 0.0
wfng_dk2 = 0.0
wfng_dk3 = 0.0
rhog_flag = .true.
rhog_file = 'RHO'
vxcg_flag = .false.
vxc_flag = .true.
vxc_file = 'vxc.dat'
vxc_offdiag_nmin = 0
vxc_offdiag_nmax = 0
vxc_diag_nmin = 1
vxc_diag_nmax = 44
/
