# Replace this file with all the kpoints for sigma.inp
