number_val_bands_coarse 14
number_cond_bands_coarse 14
number_val_bands_fine 2
number_cond_bands_fine 2
diagonalization
use_symmetries_coarse_grid
use_symmetries_fine_grid
no_symmetries_shifted_grid
screening_semiconductor
use_velocity
cell_slab_truncation
gaussian_broadening
energy_resolution 0.05
eqp_co_corrections
write_eigenvectors 10
